******************************************************************************
                  TI ARM Linker Unix v20.2.7                   
******************************************************************************
>> Linked Wed Mar  6 13:42:23 2024

OUTPUT FILE NAME:   <Lab5_secondAttempy.out>
ENTRY POINT SYMBOL: "_c_int00_noargs"  address: 00000829


MEMORY CONFIGURATION

         name            origin    length      used     unused   attr    fill
----------------------  --------  ---------  --------  --------  ----  --------
  FLASH                 00000000   00040000  000008e8  0003f718  R  X
  SRAM                  20000000   00008000  00000247  00007db9  RW X


SEGMENT ALLOCATION MAP

run origin  load origin   length   init length attrs members
----------  ----------- ---------- ----------- ----- -------
00000000    00000000    000008e8   000008e8    r-x
  00000000    00000000    0000026c   0000026c    r-- .intvecs
  0000026c    0000026c    0000061c   0000061c    r-x .text
  00000888    00000888    00000060   00000060    r-- .cinit
20000000    20000000    00000247   00000000    rw-
  20000000    20000000    00000200   00000000    rw- .stack
  20000200    20000200    00000047   00000000    rw- .data


SECTION ALLOCATION MAP

 output                                  attributes/
section   page    origin      length       input sections
--------  ----  ----------  ----------   ----------------
.intvecs   0    00000000    0000026c     
                  00000000    0000026c     tm4c123gh6pm_startup_ccs.obj (.intvecs)

.text      0    0000026c    0000061c     
                  0000026c    00000398     lab_5_library.obj (.text)
                  00000604    000000da     lab_5.obj (.text)
                  000006de    0000009c     rtsv7M4_T_le_v4SPD16_eabi.lib : memcpy_t2.asm.obj (.text)
                  0000077a    00000068                                   : copy_decompress_lzss.c.obj (.text:decompress:lzss:__TI_decompress_lzss)
                  000007e2    00000002     --HOLE-- [fill = 0]
                  000007e4    00000044                                   : autoinit.c.obj (.text:__TI_auto_init_nobinit_nopinit:__TI_auto_init_nobinit_nopinit)
                  00000828    00000034                                   : boot_cortex_m.c.obj (.text:_c_int00_noargs:_c_int00_noargs)
                  0000085c    0000000e                                   : copy_decompress_none.c.obj (.text:decompress:none:__TI_decompress_none)
                  0000086a    0000000c     tm4c123gh6pm_startup_ccs.obj (.text)
                  00000876    0000000a     main.obj (.text)
                  00000880    00000004     rtsv7M4_T_le_v4SPD16_eabi.lib : pre_init.c.obj (.text:_system_pre_init)
                  00000884    00000004                                   : exit.c.obj (.text:abort:abort)

.cinit     0    00000888    00000060     
                  00000888    0000004f     (.cinit..data.load) [load image]
                  000008d7    00000001     --HOLE-- [fill = 0]
                  000008d8    00000008     (__TI_handler_table)
                  000008e0    00000008     (__TI_cinit_table)

.init_array 
*          0    00000000    00000000     UNINITIALIZED

.data      0    20000200    00000047     UNINITIALIZED
                  20000200    0000002d     lab_5.obj (.data)
                  2000022d    0000001a     lab_5_library.obj (.data)

.stack     0    20000000    00000200     UNINITIALIZED
                  20000000    00000004     rtsv7M4_T_le_v4SPD16_eabi.lib : boot_cortex_m.c.obj (.stack)
                  20000004    000001fc     --HOLE--

__llvm_prf_cnts 
*          0    20000000    00000000     UNINITIALIZED

MODULE SUMMARY

       Module                         code   ro data   rw data
       ------                         ----   -------   -------
    ./
       lab_5_library.obj              920    0         26     
       tm4c123gh6pm_startup_ccs.obj   12     620       0      
       lab_5.obj                      218    0         45     
       main.obj                       10     0         0      
    +--+------------------------------+------+---------+---------+
       Total:                         1160   620       71     
                                                              
    /Applications/ti/ccs1260/ccs/tools/compiler/ti-cgt-arm_20.2.7.LTS/lib/rtsv7M4_T_le_v4SPD16_eabi.lib
       memcpy_t2.asm.obj              156    0         0      
       copy_decompress_lzss.c.obj     104    0         0      
       autoinit.c.obj                 68     0         0      
       boot_cortex_m.c.obj            52     0         0      
       copy_decompress_none.c.obj     14     0         0      
       exit.c.obj                     4      0         0      
       pre_init.c.obj                 4      0         0      
    +--+------------------------------+------+---------+---------+
       Total:                         402    0         0      
                                                              
       Stack:                         0      0         512    
       Linker Generated:              0      95        0      
    +--+------------------------------+------+---------+---------+
       Grand Total:                   1562   715       583    


LINKER GENERATED COPY TABLES

__TI_cinit_table @ 000008e0 records: 1, size/record: 8, table size: 8
	.data: load addr=00000888, load size=0000004f bytes, run addr=20000200, run size=00000047 bytes, compression=copy


LINKER GENERATED HANDLER TABLE

__TI_handler_table @ 000008d8 records: 2, size/record: 4, table size: 8
	index: 0, handler: __TI_decompress_lzss
	index: 1, handler: __TI_decompress_none


GLOBAL SYMBOLS: SORTED ALPHABETICALLY BY Name 

address   name                          
-------   ----                          
00000885  C$$EXIT                       
000004cb  ERRORFOUND                    
0000086b  ResetISR                      
000006b5  Switch_Handler                
000006db  Timer_Handler                 
000006b3  UART0_Handler                 
20000200  __STACK_END                   
00000200  __STACK_SIZE                  
20000200  __STACK_TOP                   
000008e0  __TI_CINIT_Base               
000008e8  __TI_CINIT_Limit              
000008d8  __TI_Handler_Table_Base       
000008e0  __TI_Handler_Table_Limit      
000007e5  __TI_auto_init_nobinit_nopinit
0000077b  __TI_decompress_lzss          
0000085d  __TI_decompress_none          
ffffffff  __TI_pprof_out_hndl           
ffffffff  __TI_prof_data_size           
ffffffff  __TI_prof_data_start          
00000000  __TI_static_base__            
000006df  __aeabi_memcpy                
000006df  __aeabi_memcpy4               
000006df  __aeabi_memcpy8               
ffffffff  __binit__                     
ffffffff  __c_args__                    
UNDEFED   __mpu_init                    
20000000  __stack                       
20000000  __start___llvm_prf_cnts       
20000000  __stop___llvm_prf_cnts        
00000829  _c_int00_noargs               
UNDEFED   _system_post_cinit            
00000881  _system_pre_init              
00000885  abort                         
ffffffff  binit                         
0000034b  div_and_mod                   
00000000  g_pfnVectors                  
00000275  gpio_btn_and_LED_init         
00000659  gpio_interrupt_init           
000002d7  illuminate_RGB_LED            
0000039f  int2string                    
0000060d  lab5                          
00000877  main                          
000006df  memcpy                        
0000057f  output_character              
000005db  output_string                 
0000043f  portINIT                      
00000475  printBits                     
0000059d  read_character                
000005bb  read_string                   
00000329  read_tiva_push_button         
000006dd  simple_read_character         
000003f5  string2int                    
000004d5  uart_init                     
00000637  uart_interrupt_init           


GLOBAL SYMBOLS: SORTED BY Symbol Address 

address   name                          
-------   ----                          
00000000  __TI_static_base__            
00000000  g_pfnVectors                  
00000200  __STACK_SIZE                  
00000275  gpio_btn_and_LED_init         
000002d7  illuminate_RGB_LED            
00000329  read_tiva_push_button         
0000034b  div_and_mod                   
0000039f  int2string                    
000003f5  string2int                    
0000043f  portINIT                      
00000475  printBits                     
000004cb  ERRORFOUND                    
000004d5  uart_init                     
0000057f  output_character              
0000059d  read_character                
000005bb  read_string                   
000005db  output_string                 
0000060d  lab5                          
00000637  uart_interrupt_init           
00000659  gpio_interrupt_init           
000006b3  UART0_Handler                 
000006b5  Switch_Handler                
000006db  Timer_Handler                 
000006dd  simple_read_character         
000006df  __aeabi_memcpy                
000006df  __aeabi_memcpy4               
000006df  __aeabi_memcpy8               
000006df  memcpy                        
0000077b  __TI_decompress_lzss          
000007e5  __TI_auto_init_nobinit_nopinit
00000829  _c_int00_noargs               
0000085d  __TI_decompress_none          
0000086b  ResetISR                      
00000877  main                          
00000881  _system_pre_init              
00000885  C$$EXIT                       
00000885  abort                         
000008d8  __TI_Handler_Table_Base       
000008e0  __TI_CINIT_Base               
000008e0  __TI_Handler_Table_Limit      
000008e8  __TI_CINIT_Limit              
20000000  __stack                       
20000000  __start___llvm_prf_cnts       
20000000  __stop___llvm_prf_cnts        
20000200  __STACK_END                   
20000200  __STACK_TOP                   
ffffffff  __TI_pprof_out_hndl           
ffffffff  __TI_prof_data_size           
ffffffff  __TI_prof_data_start          
ffffffff  __binit__                     
ffffffff  __c_args__                    
ffffffff  binit                         
UNDEFED   __mpu_init                    
UNDEFED   _system_post_cinit            

[54 symbols]
