******************************************************************************
                  TI ARM Linker Unix v20.2.7                   
******************************************************************************
>> Linked Sun Mar 24 23:37:53 2024

OUTPUT FILE NAME:   <lab_6.out>
ENTRY POINT SYMBOL: "_c_int00_noargs"  address: 00000c69


MEMORY CONFIGURATION

         name            origin    length      used     unused   attr    fill
----------------------  --------  ---------  --------  --------  ----  --------
  FLASH                 00000000   00040000  00000dec  0003f214  R  X
  SRAM                  20000000   00008000  0000070c  000078f4  RW X


SEGMENT ALLOCATION MAP

run origin  load origin   length   init length attrs members
----------  ----------- ---------- ----------- ----- -------
00000000    00000000    00000dec   00000dec    r-x
  00000000    00000000    0000026c   0000026c    r-- .intvecs
  0000026c    0000026c    00000a5c   00000a5c    r-x .text
  00000cc8    00000cc8    00000124   00000124    r-- .cinit
20000000    20000000    00000710   00000000    rw-
  20000000    20000000    0000050c   00000000    rw- .data
  20000510    20000510    00000200   00000000    rw- .stack


SECTION ALLOCATION MAP

 output                                  attributes/
section   page    origin      length       input sections
--------  ----  ----------  ----------   ----------------
.intvecs   0    00000000    0000026c     
                  00000000    0000026c     tm4c123gh6pm_startup_ccs.obj (.intvecs)

.text      0    0000026c    00000a5c     
                  0000026c    0000047e     lab_6_libary.obj (.text)
                  000006ea    00000002     --HOLE-- [fill = 0]
                  000006ec    00000432     lab6.obj (.text)
                  00000b1e    0000009c     rtsv7M4_T_le_v4SPD16_eabi.lib : memcpy_t2.asm.obj (.text)
                  00000bba    00000068                                   : copy_decompress_lzss.c.obj (.text:decompress:lzss:__TI_decompress_lzss)
                  00000c22    00000002     --HOLE-- [fill = 0]
                  00000c24    00000044                                   : autoinit.c.obj (.text:__TI_auto_init_nobinit_nopinit:__TI_auto_init_nobinit_nopinit)
                  00000c68    00000034                                   : boot_cortex_m.c.obj (.text:_c_int00_noargs:_c_int00_noargs)
                  00000c9c    0000000e                                   : copy_decompress_none.c.obj (.text:decompress:none:__TI_decompress_none)
                  00000caa    0000000c     tm4c123gh6pm_startup_ccs.obj (.text)
                  00000cb6    0000000a     lab6_wrapper.obj (.text)
                  00000cc0    00000004     rtsv7M4_T_le_v4SPD16_eabi.lib : pre_init.c.obj (.text:_system_pre_init)
                  00000cc4    00000004                                   : exit.c.obj (.text:abort:abort)

.cinit     0    00000cc8    00000124     
                  00000cc8    00000112     (.cinit..data.load) [load image, compression = lzss]
                  00000dda    00000002     --HOLE-- [fill = 0]
                  00000ddc    00000008     (__TI_handler_table)
                  00000de4    00000008     (__TI_cinit_table)

.init_array 
*          0    00000000    00000000     UNINITIALIZED

.data      0    20000000    0000050c     UNINITIALIZED
                  20000000    000004f2     lab6.obj (.data)
                  200004f2    0000001a     lab_6_libary.obj (.data)

.stack     0    20000510    00000200     UNINITIALIZED
                  20000510    00000004     rtsv7M4_T_le_v4SPD16_eabi.lib : boot_cortex_m.c.obj (.stack)
                  20000514    000001fc     --HOLE--

__llvm_prf_cnts 
*          0    20000000    00000000     UNINITIALIZED

MODULE SUMMARY

       Module                         code   ro data   rw data
       ------                         ----   -------   -------
    ./
       lab6.obj                       1074   0         1266   
       lab_6_libary.obj               1150   0         26     
       tm4c123gh6pm_startup_ccs.obj   12     620       0      
       lab6_wrapper.obj               10     0         0      
    +--+------------------------------+------+---------+---------+
       Total:                         2246   620       1292   
                                                              
    /Applications/ti/ccs1260/ccs/tools/compiler/ti-cgt-arm_20.2.7.LTS/lib/rtsv7M4_T_le_v4SPD16_eabi.lib
       memcpy_t2.asm.obj              156    0         0      
       copy_decompress_lzss.c.obj     104    0         0      
       autoinit.c.obj                 68     0         0      
       boot_cortex_m.c.obj            52     0         0      
       copy_decompress_none.c.obj     14     0         0      
       exit.c.obj                     4      0         0      
       pre_init.c.obj                 4      0         0      
    +--+------------------------------+------+---------+---------+
       Total:                         402    0         0      
                                                              
       Stack:                         0      0         512    
       Linker Generated:              0      290       0      
    +--+------------------------------+------+---------+---------+
       Grand Total:                   2648   910       1804   


LINKER GENERATED COPY TABLES

__TI_cinit_table @ 00000de4 records: 1, size/record: 8, table size: 8
	.data: load addr=00000cc8, load size=00000112 bytes, run addr=20000000, run size=0000050c bytes, compression=lzss


LINKER GENERATED HANDLER TABLE

__TI_handler_table @ 00000ddc records: 2, size/record: 4, table size: 8
	index: 0, handler: __TI_decompress_lzss
	index: 1, handler: __TI_decompress_none


GLOBAL SYMBOLS: SORTED ALPHABETICALLY BY Name 

address   name                          
-------   ----                          
00000cc5  C$$EXIT                       
00000503  ERRORFOUND                    
00000cab  ResetISR                      
00000775  Switch_Handler                
00000815  Timer_Handler                 
0000079f  UART0_Handler                 
20000710  __STACK_END                   
00000200  __STACK_SIZE                  
20000710  __STACK_TOP                   
00000de4  __TI_CINIT_Base               
00000dec  __TI_CINIT_Limit              
00000ddc  __TI_Handler_Table_Base       
00000de4  __TI_Handler_Table_Limit      
00000c25  __TI_auto_init_nobinit_nopinit
00000bbb  __TI_decompress_lzss          
00000c9d  __TI_decompress_none          
ffffffff  __TI_pprof_out_hndl           
ffffffff  __TI_prof_data_size           
ffffffff  __TI_prof_data_start          
00000000  __TI_static_base__            
00000b1f  __aeabi_memcpy                
00000b1f  __aeabi_memcpy4               
00000b1f  __aeabi_memcpy8               
ffffffff  __binit__                     
ffffffff  __c_args__                    
UNDEFED   __mpu_init                    
20000510  __stack                       
20000000  __start___llvm_prf_cnts       
20000000  __stop___llvm_prf_cnts        
00000c69  _c_int00_noargs               
UNDEFED   _system_post_cinit            
00000cc1  _system_pre_init              
00000cc5  abort                         
ffffffff  binit                         
00000383  div_and_mod                   
00000000  g_pfnVectors                  
00000afd  game_start_flip               
000002ad  gpio_btn_and_LED_init         
00000677  gpio_interrupt_init           
0000030f  illuminate_RGB_LED            
000003d7  int2string                    
00000731  lab6                          
00000cb7  main                          
00000b1f  memcpy                        
000005b7  output_character              
00000613  output_string                 
00000477  portINIT                      
000004ad  printBits                     
000005d5  read_character                
000005f3  read_string                   
00000361  read_tiva_push_button         
0000042d  string2int                    
00000275  switch_init                   
0000050d  uart_init                     
0000063d  uart_interrupt_init           


GLOBAL SYMBOLS: SORTED BY Symbol Address 

address   name                          
-------   ----                          
00000000  __TI_static_base__            
00000000  g_pfnVectors                  
00000200  __STACK_SIZE                  
00000275  switch_init                   
000002ad  gpio_btn_and_LED_init         
0000030f  illuminate_RGB_LED            
00000361  read_tiva_push_button         
00000383  div_and_mod                   
000003d7  int2string                    
0000042d  string2int                    
00000477  portINIT                      
000004ad  printBits                     
00000503  ERRORFOUND                    
0000050d  uart_init                     
000005b7  output_character              
000005d5  read_character                
000005f3  read_string                   
00000613  output_string                 
0000063d  uart_interrupt_init           
00000677  gpio_interrupt_init           
00000731  lab6                          
00000775  Switch_Handler                
0000079f  UART0_Handler                 
00000815  Timer_Handler                 
00000afd  game_start_flip               
00000b1f  __aeabi_memcpy                
00000b1f  __aeabi_memcpy4               
00000b1f  __aeabi_memcpy8               
00000b1f  memcpy                        
00000bbb  __TI_decompress_lzss          
00000c25  __TI_auto_init_nobinit_nopinit
00000c69  _c_int00_noargs               
00000c9d  __TI_decompress_none          
00000cab  ResetISR                      
00000cb7  main                          
00000cc1  _system_pre_init              
00000cc5  C$$EXIT                       
00000cc5  abort                         
00000ddc  __TI_Handler_Table_Base       
00000de4  __TI_CINIT_Base               
00000de4  __TI_Handler_Table_Limit      
00000dec  __TI_CINIT_Limit              
20000000  __start___llvm_prf_cnts       
20000000  __stop___llvm_prf_cnts        
20000510  __stack                       
20000710  __STACK_END                   
20000710  __STACK_TOP                   
ffffffff  __TI_pprof_out_hndl           
ffffffff  __TI_prof_data_size           
ffffffff  __TI_prof_data_start          
ffffffff  __binit__                     
ffffffff  __c_args__                    
ffffffff  binit                         
UNDEFED   __mpu_init                    
UNDEFED   _system_post_cinit            

[55 symbols]
