******************************************************************************
                  TI ARM Linker Unix v20.2.7                   
******************************************************************************
>> Linked Sun Mar 31 13:56:43 2024

OUTPUT FILE NAME:   <lab_6.out>
ENTRY POINT SYMBOL: "_c_int00_noargs"  address: 00000d61


MEMORY CONFIGURATION

         name            origin    length      used     unused   attr    fill
----------------------  --------  ---------  --------  --------  ----  --------
  FLASH                 00000000   00040000  00000f6c  0003f094  R  X
  SRAM                  20000000   00008000  000007c0  00007840  RW X


SEGMENT ALLOCATION MAP

run origin  load origin   length   init length attrs members
----------  ----------- ---------- ----------- ----- -------
00000000    00000000    00000f6c   00000f6c    r-x
  00000000    00000000    0000026c   0000026c    r-- .intvecs
  0000026c    0000026c    00000b54   00000b54    r-x .text
  00000dc0    00000dc0    000001ac   000001ac    r-- .cinit
20000000    20000000    000007c0   00000000    rw-
  20000000    20000000    000005c0   00000000    rw- .data
  200005c0    200005c0    00000200   00000000    rw- .stack


SECTION ALLOCATION MAP

 output                                  attributes/
section   page    origin      length       input sections
--------  ----  ----------  ----------   ----------------
.intvecs   0    00000000    0000026c     
                  00000000    0000026c     tm4c123gh6pm_startup_ccs.obj (.intvecs)

.text      0    0000026c    00000b54     
                  0000026c    0000052c     lab6.obj (.text)
                  00000798    0000047e     lab_6_libary.obj (.text)
                  00000c16    0000009c     rtsv7M4_T_le_v4SPD16_eabi.lib : memcpy_t2.asm.obj (.text)
                  00000cb2    00000068                                   : copy_decompress_lzss.c.obj (.text:decompress:lzss:__TI_decompress_lzss)
                  00000d1a    00000002     --HOLE-- [fill = 0]
                  00000d1c    00000044                                   : autoinit.c.obj (.text:__TI_auto_init_nobinit_nopinit:__TI_auto_init_nobinit_nopinit)
                  00000d60    00000034                                   : boot_cortex_m.c.obj (.text:_c_int00_noargs:_c_int00_noargs)
                  00000d94    0000000e                                   : copy_decompress_none.c.obj (.text:decompress:none:__TI_decompress_none)
                  00000da2    0000000c     tm4c123gh6pm_startup_ccs.obj (.text)
                  00000dae    0000000a     lab6_wrapper.obj (.text)
                  00000db8    00000004     rtsv7M4_T_le_v4SPD16_eabi.lib : pre_init.c.obj (.text:_system_pre_init)
                  00000dbc    00000004                                   : exit.c.obj (.text:abort:abort)

.cinit     0    00000dc0    000001ac     
                  00000dc0    0000019b     (.cinit..data.load) [load image, compression = lzss]
                  00000f5b    00000001     --HOLE-- [fill = 0]
                  00000f5c    00000008     (__TI_handler_table)
                  00000f64    00000008     (__TI_cinit_table)

.init_array 
*          0    00000000    00000000     UNINITIALIZED

.data      0    20000000    000005c0     UNINITIALIZED
                  20000000    000005a6     lab6.obj (.data)
                  200005a6    0000001a     lab_6_libary.obj (.data)

.stack     0    200005c0    00000200     UNINITIALIZED
                  200005c0    00000004     rtsv7M4_T_le_v4SPD16_eabi.lib : boot_cortex_m.c.obj (.stack)
                  200005c4    000001fc     --HOLE--

__llvm_prf_cnts 
*          0    20000000    00000000     UNINITIALIZED

MODULE SUMMARY

       Module                         code   ro data   rw data
       ------                         ----   -------   -------
    ./
       lab6.obj                       1324   0         1446   
       lab_6_libary.obj               1150   0         26     
       tm4c123gh6pm_startup_ccs.obj   12     620       0      
       lab6_wrapper.obj               10     0         0      
    +--+------------------------------+------+---------+---------+
       Total:                         2496   620       1472   
                                                              
    /Applications/ti/ccs1260/ccs/tools/compiler/ti-cgt-arm_20.2.7.LTS/lib/rtsv7M4_T_le_v4SPD16_eabi.lib
       memcpy_t2.asm.obj              156    0         0      
       copy_decompress_lzss.c.obj     104    0         0      
       autoinit.c.obj                 68     0         0      
       boot_cortex_m.c.obj            52     0         0      
       copy_decompress_none.c.obj     14     0         0      
       exit.c.obj                     4      0         0      
       pre_init.c.obj                 4      0         0      
    +--+------------------------------+------+---------+---------+
       Total:                         402    0         0      
                                                              
       Stack:                         0      0         512    
       Linker Generated:              0      427       0      
    +--+------------------------------+------+---------+---------+
       Grand Total:                   2898   1047      1984   


LINKER GENERATED COPY TABLES

__TI_cinit_table @ 00000f64 records: 1, size/record: 8, table size: 8
	.data: load addr=00000dc0, load size=0000019b bytes, run addr=20000000, run size=000005c0 bytes, compression=lzss


LINKER GENERATED HANDLER TABLE

__TI_handler_table @ 00000f5c records: 2, size/record: 4, table size: 8
	index: 0, handler: __TI_decompress_lzss
	index: 1, handler: __TI_decompress_none


GLOBAL SYMBOLS: SORTED ALPHABETICALLY BY Name 

address   name                          
-------   ----                          
00000dbd  C$$EXIT                       
00000a2f  ERRORFOUND                    
00000da3  ResetISR                      
000002fd  Switch_Handler                
000003b9  Timer_Handler                 
00000327  UART0_Handler                 
200007c0  __STACK_END                   
00000200  __STACK_SIZE                  
200007c0  __STACK_TOP                   
00000f64  __TI_CINIT_Base               
00000f6c  __TI_CINIT_Limit              
00000f5c  __TI_Handler_Table_Base       
00000f64  __TI_Handler_Table_Limit      
00000d1d  __TI_auto_init_nobinit_nopinit
00000cb3  __TI_decompress_lzss          
00000d95  __TI_decompress_none          
ffffffff  __TI_pprof_out_hndl           
ffffffff  __TI_prof_data_size           
ffffffff  __TI_prof_data_start          
00000000  __TI_static_base__            
00000c17  __aeabi_memcpy                
00000c17  __aeabi_memcpy4               
00000c17  __aeabi_memcpy8               
ffffffff  __binit__                     
ffffffff  __c_args__                    
UNDEFED   __mpu_init                    
200005c0  __stack                       
20000000  __start___llvm_prf_cnts       
20000000  __stop___llvm_prf_cnts        
00000d61  _c_int00_noargs               
UNDEFED   _system_post_cinit            
00000db9  _system_pre_init              
00000dbd  abort                         
ffffffff  binit                         
000008af  div_and_mod                   
00000000  g_pfnVectors                  
000006ad  game_start_flip               
000007d9  gpio_btn_and_LED_init         
00000ba3  gpio_interrupt_init           
0000083b  illuminate_RGB_LED            
00000903  int2string                    
000002c1  lab6                          
00000daf  main                          
00000c17  memcpy                        
00000ae3  output_character              
00000b3f  output_string                 
000009a3  portINIT                      
000009d9  printBits                     
00000b01  read_character                
00000b1f  read_string                   
0000088d  read_tiva_push_button         
00000959  string2int                    
000007a1  switch_init                   
00000a39  uart_init                     
00000b69  uart_interrupt_init           


GLOBAL SYMBOLS: SORTED BY Symbol Address 

address   name                          
-------   ----                          
00000000  __TI_static_base__            
00000000  g_pfnVectors                  
00000200  __STACK_SIZE                  
000002c1  lab6                          
000002fd  Switch_Handler                
00000327  UART0_Handler                 
000003b9  Timer_Handler                 
000006ad  game_start_flip               
000007a1  switch_init                   
000007d9  gpio_btn_and_LED_init         
0000083b  illuminate_RGB_LED            
0000088d  read_tiva_push_button         
000008af  div_and_mod                   
00000903  int2string                    
00000959  string2int                    
000009a3  portINIT                      
000009d9  printBits                     
00000a2f  ERRORFOUND                    
00000a39  uart_init                     
00000ae3  output_character              
00000b01  read_character                
00000b1f  read_string                   
00000b3f  output_string                 
00000b69  uart_interrupt_init           
00000ba3  gpio_interrupt_init           
00000c17  __aeabi_memcpy                
00000c17  __aeabi_memcpy4               
00000c17  __aeabi_memcpy8               
00000c17  memcpy                        
00000cb3  __TI_decompress_lzss          
00000d1d  __TI_auto_init_nobinit_nopinit
00000d61  _c_int00_noargs               
00000d95  __TI_decompress_none          
00000da3  ResetISR                      
00000daf  main                          
00000db9  _system_pre_init              
00000dbd  C$$EXIT                       
00000dbd  abort                         
00000f5c  __TI_Handler_Table_Base       
00000f64  __TI_CINIT_Base               
00000f64  __TI_Handler_Table_Limit      
00000f6c  __TI_CINIT_Limit              
20000000  __start___llvm_prf_cnts       
20000000  __stop___llvm_prf_cnts        
200005c0  __stack                       
200007c0  __STACK_END                   
200007c0  __STACK_TOP                   
ffffffff  __TI_pprof_out_hndl           
ffffffff  __TI_prof_data_size           
ffffffff  __TI_prof_data_start          
ffffffff  __binit__                     
ffffffff  __c_args__                    
ffffffff  binit                         
UNDEFED   __mpu_init                    
UNDEFED   _system_post_cinit            

[55 symbols]
